../Core/Src/BMP180.cpp:64:6:void read_calliberation_data()	48	static
../Core/Src/BMP180.cpp:86:10:uint16_t Get_UTemp()	32	static
../Core/Src/BMP180.cpp:96:7:float BMP180_GetTemp()	24	static
../Core/Src/BMP180.cpp:107:10:uint32_t Get_UPress(int)	40	static
../Core/Src/BMP180.cpp:132:7:float BMP180_GetPress(int)	32	static
../Core/Src/BMP180.cpp:159:7:float BMP180_GetAlt(int)	16	static
../Core/Src/BMP180.cpp:165:6:void BMP180_Start()	8	static
/opt/st/stm32cubeide_1.9.0/plugins/com.st.stm32cube.ide.mcu.externaltools.gnu-tools-for-stm32.10.3-2021.10.linux64_1.0.0.202111181127/tools/arm-none-eabi/include/c++/10.3.1/cmath:415:5:constexpr typename __gnu_cxx::__promote_2<_Tp, _Up>::__type std::pow(_Tp, _Up) [with _Tp = int; _Up = int]	24	static
/opt/st/stm32cubeide_1.9.0/plugins/com.st.stm32cube.ide.mcu.externaltools.gnu-tools-for-stm32.10.3-2021.10.linux64_1.0.0.202111181127/tools/arm-none-eabi/include/c++/10.3.1/cmath:415:5:constexpr typename __gnu_cxx::__promote_2<_Tp, _Up>::__type std::pow(_Tp, _Up) [with _Tp = float; _Up = double]	24	static
