../Core/Inc/std_msgs/Time.h:24:17:virtual int std_msgs::Time::serialize(unsigned char*) const	0	static
../Core/Inc/std_msgs/Time.h:40:17:virtual int std_msgs::Time::deserialize(unsigned char*)	0	static
../Core/Inc/std_msgs/Time.h:56:18:virtual const char* std_msgs::Time::getType()	0	static
../Core/Inc/std_msgs/Time.h:57:18:virtual const char* std_msgs::Time::getMD5()	0	static
../Core/Inc/rosserial_msgs/TopicInfo.h:124:18:virtual const char* rosserial_msgs::TopicInfo::getType()	0	static
../Core/Inc/rosserial_msgs/TopicInfo.h:125:18:virtual const char* rosserial_msgs::TopicInfo::getMD5()	0	static
../Core/Inc/rosserial_msgs/Log.h:61:18:virtual const char* rosserial_msgs::Log::getType()	0	static
../Core/Inc/rosserial_msgs/Log.h:62:18:virtual const char* rosserial_msgs::Log::getMD5()	0	static
../Core/Inc/rosserial_msgs/RequestParam.h:200:18:virtual const char* rosserial_msgs::RequestParamResponse::getType()	0	static
../Core/Inc/rosserial_msgs/RequestParam.h:201:18:virtual const char* rosserial_msgs::RequestParamResponse::getMD5()	0	static
../Core/Inc/std_msgs/String.h:49:18:virtual const char* std_msgs::String::getType()	0	static
../Core/Inc/std_msgs/String.h:50:18:virtual const char* std_msgs::String::getMD5()	0	static
../Core/Inc/geometry_msgs/Vector3.h:29:17:virtual int geometry_msgs::Vector3::serialize(unsigned char*) const	8	static
../Core/Inc/geometry_msgs/Vector3.h:77:17:virtual int geometry_msgs::Vector3::deserialize(unsigned char*)	0	static
../Core/Inc/geometry_msgs/Vector3.h:128:18:virtual const char* geometry_msgs::Vector3::getType()	0	static
../Core/Inc/geometry_msgs/Vector3.h:129:18:virtual const char* geometry_msgs::Vector3::getMD5()	0	static
../Core/Inc/geometry_msgs/Twist.h:27:17:virtual int geometry_msgs::Twist::serialize(unsigned char*) const	16	static
../Core/Inc/geometry_msgs/Twist.h:35:17:virtual int geometry_msgs::Twist::deserialize(unsigned char*)	16	static
../Core/Inc/geometry_msgs/Twist.h:43:18:virtual const char* geometry_msgs::Twist::getType()	0	static
../Core/Inc/geometry_msgs/Twist.h:44:18:virtual const char* geometry_msgs::Twist::getMD5()	0	static
../Core/Src/mainpp.cpp:117:6:void cmd_vel_cb(const geometry_msgs::Twist&)	8	static
../Core/Inc/ros/subscriber.h:114:16:void ros::Subscriber<MsgT, void>::callback(unsigned char*) [with MsgT = geometry_msgs::Twist]	16	static
../Core/Inc/ros/subscriber.h:128:15:int ros::Subscriber<MsgT, void>::getEndpointType() [with MsgT = geometry_msgs::Twist]	0	static
../Core/Inc/ros/subscriber.h:120:24:const char* ros::Subscriber<MsgT, void>::getMsgType() [with MsgT = geometry_msgs::Twist]	0	static
../Core/Inc/ros/subscriber.h:124:24:const char* ros::Subscriber<MsgT, void>::getMsgMD5() [with MsgT = geometry_msgs::Twist]	0	static
../Core/Inc/ros/node_handle.h:363:16:bool ros::NodeHandle_<Hardware, MAX_SUBSCRIBERS, MAX_PUBLISHERS, INPUT_SIZE, OUTPUT_SIZE>::connected() [with Hardware = STM32Hardware; int MAX_SUBSCRIBERS = 25; int MAX_PUBLISHERS = 25; int INPUT_SIZE = 512; int OUTPUT_SIZE = 512]	0	static
../Core/Inc/STM32Hardware.h:93:10:void STM32Hardware::flush()	16	static
../Core/Inc/ros/node_handle.h:511:15:int ros::NodeHandle_<Hardware, MAX_SUBSCRIBERS, MAX_PUBLISHERS, INPUT_SIZE, OUTPUT_SIZE>::publish(int, const ros::Msg*) [with Hardware = STM32Hardware; int MAX_SUBSCRIBERS = 25; int MAX_PUBLISHERS = 25; int INPUT_SIZE = 512; int OUTPUT_SIZE = 512]	40	static
../Core/Src/mainpp.cpp:34:6:void start(TIM_HandleTypeDef, TIM_HandleTypeDef)	8	static
../Core/Src/mainpp.cpp:43:6:void tur_init(TIM_HandleTypeDef, TIM_HandleTypeDef, int)	0	static
../Core/Src/mainpp.cpp:53:6:void controler(int, int, int, TIM_HandleTypeDef, TIM_HandleTypeDef, int, int, int)	16	static
../Core/Src/mainpp.cpp:131:6:void HAL_UART_TxCpltCallback(UART_HandleTypeDef*)	8	static
../Core/Src/mainpp.cpp:135:6:void HAL_UART_RxCpltCallback(UART_HandleTypeDef*)	0	static
../Core/Src/mainpp.cpp:139:6:void setup(TIM_HandleTypeDef, TIM_HandleTypeDef)	16	static
../Core/Inc/ros/msg.h:129:15:static void ros::Msg::varToArr(A, V) [with A = unsigned char*; V = long unsigned int]	0	static
../Core/Inc/std_msgs/String.h:23:17:virtual int std_msgs::String::serialize(unsigned char*) const	16	static
../Core/Inc/rosserial_msgs/RequestParam.h:78:17:virtual int rosserial_msgs::RequestParamResponse::serialize(unsigned char*) const	24	static
../Core/Inc/rosserial_msgs/Log.h:31:17:virtual int rosserial_msgs::Log::serialize(unsigned char*) const	24	static
../Core/Inc/rosserial_msgs/TopicInfo.h:43:17:virtual int rosserial_msgs::TopicInfo::serialize(unsigned char*) const	24	static
../Core/Inc/ros/msg.h:137:15:static void ros::Msg::arrToVar(V&, A) [with V = long unsigned int; A = unsigned char*]	8	static
../Core/Inc/rosserial_msgs/Log.h:44:17:virtual int rosserial_msgs::Log::deserialize(unsigned char*)	32	static
../Core/Inc/rosserial_msgs/TopicInfo.h:77:17:virtual int rosserial_msgs::TopicInfo::deserialize(unsigned char*)	40	static
../Core/Inc/rosserial_msgs/RequestParam.h:130:17:virtual int rosserial_msgs::RequestParamResponse::deserialize(unsigned char*)	40	static
../Core/Inc/std_msgs/String.h:34:17:virtual int std_msgs::String::deserialize(unsigned char*)	32	static
../Core/Inc/ros/node_handle.h:372:8:void ros::NodeHandle_<Hardware, MAX_SUBSCRIBERS, MAX_PUBLISHERS, INPUT_SIZE, OUTPUT_SIZE>::requestSyncTime() [with Hardware = STM32Hardware; int MAX_SUBSCRIBERS = 25; int MAX_PUBLISHERS = 25; int INPUT_SIZE = 512; int OUTPUT_SIZE = 512]	24	static
../Core/Inc/ros/node_handle.h:480:8:void ros::NodeHandle_<Hardware, MAX_SUBSCRIBERS, MAX_PUBLISHERS, INPUT_SIZE, OUTPUT_SIZE>::negotiateTopics() [with Hardware = STM32Hardware; int MAX_SUBSCRIBERS = 25; int MAX_PUBLISHERS = 25; int INPUT_SIZE = 512; int OUTPUT_SIZE = 512]	48	static
../Core/Inc/ros/node_handle.h:379:8:void ros::NodeHandle_<Hardware, MAX_SUBSCRIBERS, MAX_PUBLISHERS, INPUT_SIZE, OUTPUT_SIZE>::syncTime(uint8_t*) [with Hardware = STM32Hardware; int MAX_SUBSCRIBERS = 25; int MAX_PUBLISHERS = 25; int INPUT_SIZE = 512; int OUTPUT_SIZE = 512]	48	static
../Core/Inc/ros/node_handle.h:212:15:int ros::NodeHandle_<Hardware, MAX_SUBSCRIBERS, MAX_PUBLISHERS, INPUT_SIZE, OUTPUT_SIZE>::spinOnce() [with Hardware = STM32Hardware; int MAX_SUBSCRIBERS = 25; int MAX_PUBLISHERS = 25; int INPUT_SIZE = 512; int OUTPUT_SIZE = 512]	32	static
../Core/Src/mainpp.cpp:149:6:void loop()	344	static
../Core/Src/mainpp.cpp:160:1:cpp)	16	static
../Core/Src/mainpp.cpp:160:1:cpp)	0	static
